// Jest Snapshot v1, https://goo.gl/fbAQLP

exports[`<Table /> should match snapchat 1`] = `
.c0 {
  width: 100%;
  background-color: #FFF;
  border-radius: 3px;
  box-shadow: 0 1px 5px rgba(0,0,0,0.16);
}

.c0 tr:not(:first-child) {
  border-top: solid 1px #BFBFBF;
}

.c0 th {
  font-family: primary:'Open Sans',sans-serif;
  color: #969696;
  text-align: left;
  font-size: 14px;
  line-height: 14px;
  padding: 10px;
}

.c0 td {
  font-family: primary:'Open Sans',sans-serif;
  color: #424242;
  padding: 20px 10px;
  font-size: 16px;
  line-height: 19px;
}

<table
  className="c0"
>
  Some Table
</table>
`;
