// Jest Snapshot v1, https://goo.gl/fbAQLP

exports[`<Lead /> should match snapchat 1`] = `
<Section
  title="Leads"
>
  <Leads
    leads={Array []}
  />
</Section>
`;
